../Core/Src/main.c:86:5:main	8	static
../Core/Src/main.c:136:6:SystemClock_Config	88	static
../Core/Src/main.c:178:13:MX_TIM4_Init	64	static
../Core/Src/main.c:249:13:MX_GPIO_Init	40	static
../Core/Src/main.c:274:6:Set_LEDs	24	static
../Core/Src/main.c:283:6:State_Machine	8	static
../Core/Src/main.c:308:6:State_Off	8	static
../Core/Src/main.c:327:6:State_Blinking	8	static
../Core/Src/main.c:343:6:State_PWD	16	static
../Core/Src/main.c:367:6:State_Random	16	static
../Core/Src/main.c:391:6:State_Calc_Add	24	static
../Core/Src/main.c:499:6:State_Calc_Sub	24	static
../Core/Src/main.c:611:6:Error_Handler	4	static,ignoring_inline_asm
