../Core/Src/main.c:86:5:main	1
../Core/Src/main.c:136:6:SystemClock_Config	3
../Core/Src/main.c:178:13:MX_TIM4_Init	9
../Core/Src/main.c:249:13:MX_GPIO_Init	1
../Core/Src/main.c:274:6:Set_LEDs	1
../Core/Src/main.c:283:6:State_Machine	7
../Core/Src/main.c:308:6:State_Off	3
../Core/Src/main.c:327:6:State_Blinking	2
../Core/Src/main.c:343:6:State_PWD	6
../Core/Src/main.c:367:6:State_Random	6
../Core/Src/main.c:391:6:State_Calc_Add	23
../Core/Src/main.c:499:6:State_Calc_Sub	23
../Core/Src/main.c:611:6:Error_Handler	1
